Student Name  Age  Marks  Country         
 Alice         [32m 25  [0m[32m   90  [0mUnited Kingdom  
 Bob           [32m 28  [0m[32m   85  [0mAustralia       
 Charles       [32m 23  [0m[32m   68  [0mDenmark         
 Frank         [32m 24  [0m[32m   70  [0mIndia           
