<rows>
	<columns>
		<name>"Alice"</name>
		<age>25</age>
		<marks>90</marks>
		<country>"United Kingdom"</country>
	</columns>
	<columns>
		<name>"Bob"</name>
		<age>28</age>
		<marks>85</marks>
		<country>"Australia"</country>
	</columns>
	<columns>
		<name>"Charles"</name>
		<age>23</age>
		<marks>68</marks>
		<country>"Denmark"</country>
	</columns>
	<columns>
		<name>"Frank"</name>
		<age>24</age>
		<marks>70</marks>
		<country>"India"</country>
	</columns>
</rows>
